Microchip MPLAB XC8 Compiler V3.10

Linker command line:

-W-3 \
  --edf=C:\Program Files\Microchip\xc8\v3.10\pic\dat\20250813170317_en.msgs \
  -cn -h+dist/default/debug\DT01_Controller.debug.sym \
  --cmf=dist/default/debug\DT01_Controller.debug.cmf -z -Q18F67J60 \
  -oC:\Users\alext\AppData\Local\Temp\xcAs7xs.0\driver_tmp_3.o \
  --defsym=__MPLAB_BUILD=1 --fixupoverflow=error \
  -Mdist/default/debug/DT01_Controller.debug.map \
  --md=C:\Users\alext\AppData\Local\Temp\xcAs7xs.0\driver_tmp_0.dat -E1 \
  -ver=XC8 Compiler -ACODE=00h-01FFF7h -ACONST=00h-01FFF7h \
  -ASMALLCONST=01000h-010FFhx240,011000h-0110FFhx239,01FF00h-01FFF7h \
  -AMEDIUMCONST=01000h-0FFFFh,011000h-01FFF7h -ACOMRAM=01h-05Fh \
  -AABS1=00h-0E7Fh,0F00h-0F5Fh -ABIGRAM=01h-0E7Fh,0F00h-0F5Fh \
  -ARAM=060h-0FFh,0100h-01FFhx13,0E00h-0E7Fh,0F00h-0F5Fh -ABANK0=060h-0FFh \
  -ABANK1=0100h-01FFh -ABANK2=0200h-02FFh -ABANK3=0300h-03FFh \
  -ABANK4=0400h-04FFh -ABANK5=0500h-05FFh -ABANK6=0600h-06FFh \
  -ABANK7=0700h-07FFh -ABANK8=0800h-08FFh -ABANK9=0900h-09FFh \
  -ABANK10=0A00h-0AFFh -ABANK11=0B00h-0BFFh -ABANK12=0C00h-0CFFh \
  -ABANK13=0D00h-0DFFh -ABANK14=0E00h-0E7Fh -ABANK15=0F00h-0F5Fh \
  -ASFR=0E80h-0EFFh,0F60h-0FFCh -ABIGSFR=0E80h-0EFFh,0F60h-0FFCh \
  -ACONFIG=01FFF8h-01FFFDh \
  -preset_vec=00h,intcode=8h,intcodelo=18h,sivt_lo,sivt_hi=CODE \
  -ppowerup=CODE,init -pramtop=01000h -psmallconst=SMALLCONST \
  -pmediumconst=MEDIUMCONST -pconst=CONST -AFARRAM=00h-00h \
  -pjflash_buffer=01F800h \
  -prdata=COMRAM,nvrram=COMRAM,nvbit=COMRAM,rbss=COMRAM,rbit=COMRAM \
  -pfarbss=FARRAM,fardata=FARRAM,nvFARRAM=FARRAM \
  -pintsave_regs=BIGRAM,bigbss=BIGRAM,bigdata=BIGRAM -pbss=RAM \
  -pidata=CODE,irdata=CODE,ibigdata=CODE,ifardata=CODE -prparam=COMRAM \
  C:\Users\alext\AppData\Local\Temp\xcAs7xs.0\driver_tmp_9.o \
  dist/default/debug\DT01_Controller.debug.o 

Object code version is 3.11

Machine type is 18F67J60



                Name                               Link     Load   Length Selector   Space Scale
C:\Users\alext\AppData\Local\Temp\xcAs7xs.0\driver_tmp_9.o
                config                            1FFF8    1FFF8        6        0       4
                init                                 D0       D0        4        4       0
                reset_vec                             0        0        6        0       0
dist/default/debug\DT01_Controller.debug.o
                intcode                               8        8       C8        4       0
                config                            1FFF8    1FFF8        6        0       4
                smallconst                         1000     1000        2      800       0
                text23                             1904     1904       24      801       0
                text22                             19CE     19CE        6      801       0
                text21                             19DC     19DC        2      801       0
                text20                             19C8     19C8        6      801       0
                text19                             164A     164A       B0      801       0
                text18                             1898     1898       3A      801       0
                text17                             19D8     19D8        4      801       0
                text15                             194A     194A       1A      801       0
                text14                             19B2     19B2        E      801       0
                text13                             19A4     19A4        E      801       0
                text12                             1996     1996        E      801       0
                text11                             1988     1988        E      801       0
                text10                             197A     197A        E      801       0
                text9                              17A2     17A2       7C      801       0
                text8                              19D4     19D4        4      801       0
                text7                              19C0     19C0        8      801       0
                text6                              18D2     18D2       32      801       0
                text5                              1964     1964       16      801       0
                text4                              1002     1002      38E      801       0
                text3                              1544     1544      106      801       0
                text2                              1390     1390      1B4      801       0
                text1                              16FA     16FA       A8      801       0
                text0                              181E     181E       7A      801       0
                cstackCOMRAM                          2        2       39        2       1
                cstackBANK0                          71       71        8       60       1
                bssBANK0                             69       69        8       60       1
                bssCOMRAM                            3B       3B       17        2       1
                cinit                              1928     1928       22      801       0
                nvBANK0                              60       60        9       60       1
                nvCOMRAM                             52       52        6        2       1

TOTAL           Name                               Link     Load   Length     Space
        CLASS   CODE           
                intcode                               8        8       C8         0
                init                                 D0       D0        4         0
                reset_vec                             0        0        6         0
                text23                             1904     1904       24         0
                text22                             19CE     19CE        6         0
                text21                             19DC     19DC        2         0
                text20                             19C8     19C8        6         0
                text19                             164A     164A       B0         0
                text18                             1898     1898       3A         0
                text17                             19D8     19D8        4         0
                text15                             194A     194A       1A         0
                text14                             19B2     19B2        E         0
                text13                             19A4     19A4        E         0
                text12                             1996     1996        E         0
                text11                             1988     1988        E         0
                text10                             197A     197A        E         0
                text9                              17A2     17A2       7C         0
                text8                              19D4     19D4        4         0
                text7                              19C0     19C0        8         0
                text6                              18D2     18D2       32         0
                text5                              1964     1964       16         0
                text4                              1002     1002      38E         0
                text3                              1544     1544      106         0
                text2                              1390     1390      1B4         0
                text1                              16FA     16FA       A8         0
                text0                              181E     181E       7A         0
                cinit                              1928     1928       22         0

        CLASS   CONST          

        CLASS   SMALLCONST     
                smallconst                         1000     1000        2         0

        CLASS   MEDIUMCONST    

        CLASS   COMRAM         
                cstackCOMRAM                          2        2       39         1
                bssCOMRAM                            3B       3B       17         1
                nvCOMRAM                             52       52        6         1

        CLASS   ABS1           
                abs_s1                                1        1        1         1

        CLASS   BIGRAM         

        CLASS   RAM            

        CLASS   BANK0          
                cstackBANK0                          71       71        8         1
                bssBANK0                             69       69        8         1
                nvBANK0                              60       60        9         1

        CLASS   BANK1          

        CLASS   BANK2          

        CLASS   BANK3          

        CLASS   BANK4          

        CLASS   BANK5          

        CLASS   BANK6          

        CLASS   BANK7          

        CLASS   BANK8          

        CLASS   BANK9          

        CLASS   BANK10         

        CLASS   BANK11         

        CLASS   BANK12         

        CLASS   BANK13         

        CLASS   BANK14         

        CLASS   BANK15         

        CLASS   SFR            

        CLASS   BIGSFR         

        CLASS   CONFIG         
                config                            1FFF8    1FFF8        6         4

        CLASS   FARRAM         

        CLASS   HEAP           

        CLASS   STACK          

        CLASS   IDLOC          



SEGMENTS        Name                           Load    Length   Top    Selector   Space  Class

                reset_vec                      000000  000006  000006         0       0  CODE    
                cstackCOMRAM                   000002  000056  000058         2       1  COMRAM  
                intcode                        000008  0000CC  0000D4         4       0  CODE    
                nvBANK0                        000060  000019  000079        60       1  BANK0   
                smallconst                     001000  000002  001002       800       0  SMALLCON
                text4                          001002  0009DC  0019DE       801       0  CODE    


UNUSED ADDRESS RANGES

        Name                Unused          Largest block    Delta
        BANK0            00079-000FF              87
        BANK1            00100-001FF             100
        BANK10           00A00-00AFF             100
        BANK11           00B00-00BFF             100
        BANK12           00C00-00CFF             100
        BANK13           00D00-00DFF             100
        BANK14           00E00-00E7F              80
        BANK15           00F00-00F5F              60
        BANK2            00200-002FF             100
        BANK3            00300-003FF             100
        BANK4            00400-004FF             100
        BANK5            00500-005FF             100
        BANK6            00600-006FF             100
        BANK7            00700-007FF             100
        BANK8            00800-008FF             100
        BANK9            00900-009FF             100
        BIGRAM           00058-0005F               8
                         00079-00E7F             E07
                         00F00-00F5F              60
        BIGSFR           00E80-00EFF              80
                         00F60-00FFC              9D
        CODE             00006-00007               2
                         000D4-00FFF             F2C
                         019DE-1FFF7           1E61A
        COMRAM           00058-0005F               8
        CONST            00006-00007               2
                         000D4-00FFF             F2C
                         019DE-1FFF7           1E61A
        MEDIUMCONST      019DE-0FFFF            E622
                         11000-1FFF7            EFF8
        RAM              00079-00E7F             100
                         00F00-00F5F              60
        SFR              00E80-00EFF              80
                         00F60-00FFC              9D
        SMALLCONST       019DE-0FFFF             100
                         11000-1FFF7             100

                                  Symbol Table

?___fldiv                                       cstackCOMRAM  00014
?___fltol                                       cstackCOMRAM  0002D
?___xxtofl                                      cstackCOMRAM  00006
?_calc_dist                                     cstackCOMRAM  00037
EUSART1_SetErrorHandler@interruptHandler        cstackCOMRAM  00006
EUSART1_SetFramingErrorHandler@interruptHandler cstackCOMRAM  00006
EUSART1_SetOverrunErrorHandler@interruptHandler cstackCOMRAM  00006
EUSART1_SetRxInterruptHandler@interruptHandler  cstackCOMRAM  00006
EUSART1_SetTxInterruptHandler@interruptHandler  cstackCOMRAM  00006
_ADCON1bits                                     (abs)         00FC1
_BAUDCON1                                       (abs)         00F7E
_ECON1                                          (abs)         00FD2
_ECON2                                          (abs)         00EFE
_EIE                                            (abs)         00EFB
_EIR                                            (abs)         00F60
_ESTAT                                          (abs)         00EFD
_ETH_Initialize                                 text15        0194A
_EUSART1_DefaultErrorHandler                    text22        019CE
_EUSART1_DefaultFramingErrorHandler             text21        019DC
_EUSART1_DefaultOverrunErrorHandler             text20        019C8
_EUSART1_ErrorHandler                           nvBANK0       00060
_EUSART1_FramingErrorHandler                    nvBANK0       00066
_EUSART1_Initialize                             text9         017A2
_EUSART1_OverrunErrorHandler                    nvBANK0       00063
_EUSART1_Receive_ISR                            text19        0164A
_EUSART1_RxDataHandler                          text23        01904
_EUSART1_RxDefaultInterruptHandler              nvCOMRAM      00052
_EUSART1_SetErrorHandler                        text14        019B2
_EUSART1_SetFramingErrorHandler                 text13        019A4
_EUSART1_SetOverrunErrorHandler                 text12        01996
_EUSART1_SetRxInterruptHandler                  text11        01988
_EUSART1_SetTxInterruptHandler                  text10        0197A
_EUSART1_Transmit_ISR                           text18        01898
_EUSART1_TxDefaultInterruptHandler              nvCOMRAM      00055
_INTCONbits                                     (abs)         00FF2
_INTERRUPT_Initialize                           text8         019D4
_INTERRUPT_InterruptManager                     intcode       00008
_LATA                                           (abs)         00F89
_LATB                                           (abs)         00F8A
_LATC                                           (abs)         00F8B
_LATD                                           (abs)         00F8C
_LATE                                           (abs)         00F8D
_LATF                                           (abs)         00F8E
_LATG                                           (abs)         00F8F
_MABBIPG                                        (abs)         00EA4
_MACON1                                         (abs)         00EA0
_MACON3                                         (abs)         00EA2
_MACON4                                         (abs)         00EA3
_MICMD                                          (abs)         00EB2
_OSCCON                                         (abs)         00FD3
_OSCILLATOR_Initialize                          text7         019C0
_OSCTUNE                                        (abs)         00F9B
_PIE1bits                                       (abs)         00F9D
_PIN_MANAGER_IOC                                text17        019D8
_PIN_MANAGER_Initialize                         text6         018D2
_PIR1bits                                       (abs)         00F9E
_RA3                                            (abs)         07C03
_RB1                                            (abs)         07C09
_RB2                                            (abs)         07C0A
_RB5                                            (abs)         07C0D
_RCONbits                                       (abs)         00FD0
_RCREG1                                         (abs)         00FAE
_RCSTA1                                         (abs)         00FAB
_RCSTA1bits                                     (abs)         00FAB
_SPBRG1                                         (abs)         00FAF
_SPBRGH1                                        (abs)         00F7F
_SYSTEM_Initialize                              text5         01964
_T1CKPS0                                        (abs)         07E6C
_T1CKPS1                                        (abs)         07E6D
_TMR1                                           (abs)         00FCE
_TMR1CS                                         (abs)         07E69
_TMR1ON                                         (abs)         07E68
_TRISA                                          (abs)         00F92
_TRISB                                          (abs)         00F93
_TRISC                                          (abs)         00F94
_TRISD                                          (abs)         00F95
_TRISE                                          (abs)         00F96
_TRISF                                          (abs)         00F97
_TRISG                                          (abs)         00F98
_TXREG1                                         (abs)         00FAD
_TXSTA1                                         (abs)         00FAC
_TXSTA1bits                                     (abs)         00FAC
__HRAM                                          (abs)         00000
__H__absolute__                                 __absolute__  00000
__Habs1                                         abs1          00000
__Hbank0                                        bank0         00000
__Hbank1                                        bank1         00000
__Hbank10                                       bank10        00000
__Hbank11                                       bank11        00000
__Hbank12                                       bank12        00000
__Hbank13                                       bank13        00000
__Hbank14                                       bank14        00000
__Hbank15                                       bank15        00000
__Hbank2                                        bank2         00000
__Hbank3                                        bank3         00000
__Hbank4                                        bank4         00000
__Hbank5                                        bank5         00000
__Hbank6                                        bank6         00000
__Hbank7                                        bank7         00000
__Hbank8                                        bank8         00000
__Hbank9                                        bank9         00000
__Hbigbss                                       bigbss        00000
__Hbigdata                                      bigdata       00000
__Hbigram                                       bigram        00000
__Hbigsfr                                       bigsfr        00000
__Hbss                                          bss           00000
__HbssBANK0                                     bssBANK0      00000
__HbssCOMRAM                                    bssCOMRAM     00000
__Hcinit                                        cinit         00000
__Hclrtext                                      clrtext       00000
__Hcomram                                       comram        00000
__Hconfig                                       config        1FFFE
__Hconst                                        const         00000
__HcstackBANK0                                  cstackBANK0   00000
__HcstackCOMRAM                                 cstackCOMRAM  00000
__Hdata                                         data          00000
__Hfarbss                                       farbss        00000
__Hfardata                                      fardata       00000
__Hheap                                         heap          00000
__Hibigdata                                     ibigdata      00000
__Hidata                                        idata         00000
__Hidloc                                        idloc         00000
__Hifardata                                     ifardata      00000
__Hinit                                         init          000D4
__Hintcode                                      intcode       000D0
__Hintcode_body                                 intcode_body  00000
__Hintcodelo                                    intcodelo     00018
__Hintentry                                     intentry      00000
__Hintret                                       intret        00000
__Hintsave_regs                                 intsave_regs  00000
__Hirdata                                       irdata        00000
__Hjflash_buffer                                jflash_buffer 1F800
__Hmediumconst                                  mediumconst   00000
__HnvBANK0                                      nvBANK0       00000
__HnvCOMRAM                                     nvCOMRAM      00000
__HnvFARRAM                                     nvFARRAM      00000
__Hnvbit                                        nvbit         00000
__Hnvrram                                       nvrram        00000
__Hparam                                        rparam        00000
__Hpowerup                                      powerup       00000
__Hram                                          ram           00000
__Hramtop                                       ramtop        01000
__Hrbit                                         rbit          00000
__Hrbss                                         rbss          00000
__Hrdata                                        rdata         00000
__Hreset_vec                                    reset_vec     00006
__Hrparam                                       rparam        00000
__Hsfr                                          sfr           00000
__Hsivt_hi                                      sivt_hi       00000
__Hsivt_lo                                      sivt_lo       00018
__Hsmallconst                                   smallconst    01002
__Hspace_0                                      (abs)         1F800
__Hspace_1                                      (abs)         00079
__Hspace_2                                      (abs)         00000
__Hspace_4                                      (abs)         3FFF6
__Hstack                                        stack         00000
__Hstruct                                       struct        00000
__Htemp                                         temp          00000
__Htext                                         text          00000
__Htext0                                        text0         00000
__Htext1                                        text1         00000
__Htext10                                       text10        00000
__Htext11                                       text11        00000
__Htext12                                       text12        00000
__Htext13                                       text13        00000
__Htext14                                       text14        00000
__Htext15                                       text15        00000
__Htext17                                       text17        00000
__Htext18                                       text18        00000
__Htext19                                       text19        00000
__Htext2                                        text2         00000
__Htext20                                       text20        00000
__Htext21                                       text21        00000
__Htext22                                       text22        00000
__Htext23                                       text23        00000
__Htext3                                        text3         00000
__Htext4                                        text4         00000
__Htext5                                        text5         00000
__Htext6                                        text6         00000
__Htext7                                        text7         00000
__Htext8                                        text8         00000
__Htext9                                        text9         00000
__LRAM                                          (abs)         00001
__L__absolute__                                 __absolute__  00000
__Labs1                                         abs1          00000
__Lbank0                                        bank0         00000
__Lbank1                                        bank1         00000
__Lbank10                                       bank10        00000
__Lbank11                                       bank11        00000
__Lbank12                                       bank12        00000
__Lbank13                                       bank13        00000
__Lbank14                                       bank14        00000
__Lbank15                                       bank15        00000
__Lbank2                                        bank2         00000
__Lbank3                                        bank3         00000
__Lbank4                                        bank4         00000
__Lbank5                                        bank5         00000
__Lbank6                                        bank6         00000
__Lbank7                                        bank7         00000
__Lbank8                                        bank8         00000
__Lbank9                                        bank9         00000
__Lbigbss                                       bigbss        00000
__Lbigdata                                      bigdata       00000
__Lbigram                                       bigram        00000
__Lbigsfr                                       bigsfr        00000
__Lbss                                          bss           00000
__LbssBANK0                                     bssBANK0      00000
__LbssCOMRAM                                    bssCOMRAM     00000
__Lcinit                                        cinit         00000
__Lclrtext                                      clrtext       00000
__Lcomram                                       comram        00000
__Lconfig                                       config        00000
__Lconst                                        const         00000
__LcstackBANK0                                  cstackBANK0   00000
__LcstackCOMRAM                                 cstackCOMRAM  00000
__Ldata                                         data          00000
__Lfarbss                                       farbss        00000
__Lfardata                                      fardata       00000
__Lheap                                         heap          00000
__Libigdata                                     ibigdata      00000
__Lidata                                        idata         00000
__Lidloc                                        idloc         00000
__Lifardata                                     ifardata      00000
__Linit                                         init          000D0
__Lintcode                                      intcode       00008
__Lintcode_body                                 intcode_body  00000
__Lintcodelo                                    intcodelo     00018
__Lintentry                                     intentry      00000
__Lintret                                       intret        00000
__Lintsave_regs                                 intsave_regs  00000
__Lirdata                                       irdata        00000
__Ljflash_buffer                                jflash_buffer 1F800
__Lmediumconst                                  mediumconst   00000
__LnvBANK0                                      nvBANK0       00000
__LnvCOMRAM                                     nvCOMRAM      00000
__LnvFARRAM                                     nvFARRAM      00000
__Lnvbit                                        nvbit         00000
__Lnvrram                                       nvrram        00000
__Lparam                                        rparam        00000
__Lpowerup                                      powerup       00000
__Lram                                          ram           00000
__Lramtop                                       ramtop        01000
__Lrbit                                         rbit          00000
__Lrbss                                         rbss          00000
__Lrdata                                        rdata         00000
__Lreset_vec                                    reset_vec     00000
__Lrparam                                       rparam        00000
__Lsfr                                          sfr           00000
__Lsivt_hi                                      sivt_hi       00000
__Lsivt_lo                                      sivt_lo       00018
__Lsmallconst                                   smallconst    01000
__Lspace_0                                      (abs)         00000
__Lspace_1                                      (abs)         00000
__Lspace_2                                      (abs)         00000
__Lspace_4                                      (abs)         00000
__Lstack                                        stack         00000
__Lstruct                                       struct        00000
__Ltemp                                         temp          00000
__Ltext                                         text          00000
__Ltext0                                        text0         00000
__Ltext1                                        text1         00000
__Ltext10                                       text10        00000
__Ltext11                                       text11        00000
__Ltext12                                       text12        00000
__Ltext13                                       text13        00000
__Ltext14                                       text14        00000
__Ltext15                                       text15        00000
__Ltext17                                       text17        00000
__Ltext18                                       text18        00000
__Ltext19                                       text19        00000
__Ltext2                                        text2         00000
__Ltext20                                       text20        00000
__Ltext21                                       text21        00000
__Ltext22                                       text22        00000
__Ltext23                                       text23        00000
__Ltext3                                        text3         00000
__Ltext4                                        text4         00000
__Ltext5                                        text5         00000
__Ltext6                                        text6         00000
__Ltext7                                        text7         00000
__Ltext8                                        text8         00000
__Ltext9                                        text9         00000
__S0                                            (abs)         019DE
__S1                                            (abs)         00079
__S4                                            (abs)         00000
___extmem_base                                  (abs)         20000
___fldiv                                        text4         01002
___fldiv@a                                      cstackCOMRAM  00018
___fldiv@aexp                                   cstackCOMRAM  0002C
___fldiv@b                                      cstackCOMRAM  00014
___fldiv@bexp                                   cstackCOMRAM  0002B
___fldiv@grs                                    cstackCOMRAM  00027
___fldiv@new_exp                                cstackCOMRAM  00025
___fldiv@rem                                    cstackCOMRAM  00020
___fldiv@sign                                   cstackCOMRAM  00024
___fltol                                        text3         01544
___fltol@exp1                                   cstackCOMRAM  00036
___fltol@f1                                     cstackCOMRAM  0002D
___fltol@sign1                                  cstackCOMRAM  00035
___heap_hi                                      (abs)         00000
___heap_lo                                      (abs)         00000
___inthi_sp                                     stack         00000
___inthi_stack_hi                               stack         00000
___inthi_stack_lo                               stack         00000
___intlo_sp                                     stack         00000
___intlo_stack_hi                               stack         00000
___intlo_stack_lo                               stack         00000
___param_bank                                   (abs)         00000
___rparam_used                                  (abs)         00001
___sp                                           stack         00000
___stack_hi                                     stack         00000
___stack_lo                                     stack         00000
___xxtofl                                       text2         01390
___xxtofl@arg                                   cstackCOMRAM  00010
___xxtofl@exp                                   cstackCOMRAM  0000F
___xxtofl@sign                                  cstackCOMRAM  0000E
___xxtofl@val                                   cstackCOMRAM  00006
__accesstop                                     (abs)         00060
__activetblptr                                  (abs)         00003
__end_of_ETH_Initialize                         text15        01964
__end_of_EUSART1_DefaultErrorHandler            text22        019D4
__end_of_EUSART1_DefaultFramingErrorHandler     text21        019DE
__end_of_EUSART1_DefaultOverrunErrorHandler     text20        019CE
__end_of_EUSART1_Initialize                     text9         0181E
__end_of_EUSART1_Receive_ISR                    text19        016FA
__end_of_EUSART1_RxDataHandler                  text23        01928
__end_of_EUSART1_SetErrorHandler                text14        019C0
__end_of_EUSART1_SetFramingErrorHandler         text13        019B2
__end_of_EUSART1_SetOverrunErrorHandler         text12        019A4
__end_of_EUSART1_SetRxInterruptHandler          text11        01996
__end_of_EUSART1_SetTxInterruptHandler          text10        01988
__end_of_EUSART1_Transmit_ISR                   text18        018D2
__end_of_INTERRUPT_Initialize                   text8         019D8
__end_of_INTERRUPT_InterruptManager             intcode       000D0
__end_of_OSCILLATOR_Initialize                  text7         019C8
__end_of_PIN_MANAGER_IOC                        text17        019DC
__end_of_PIN_MANAGER_Initialize                 text6         01904
__end_of_SYSTEM_Initialize                      text5         0197A
__end_of___fldiv                                text4         01390
__end_of___fltol                                text3         0164A
__end_of___xxtofl                               text2         01544
__end_of__initialization                        cinit         01940
__end_of_calc_dist                              text1         017A2
__end_of_main                                   text0         01898
__initialization                                cinit         01928
__mediumconst                                   smallconst    01000
__pbssBANK0                                     bssBANK0      00069
__pbssCOMRAM                                    bssCOMRAM     0003B
__pcinit                                        cinit         01928
__pcstackBANK0                                  cstackBANK0   00071
__pcstackCOMRAM                                 cstackCOMRAM  00002
__pintcode                                      intcode       00008
__pnvBANK0                                      nvBANK0       00060
__pnvCOMRAM                                     nvCOMRAM      00052
__psmallconst                                   smallconst    01000
__ptext0                                        text0         0181E
__ptext1                                        text1         016FA
__ptext10                                       text10        0197A
__ptext11                                       text11        01988
__ptext12                                       text12        01996
__ptext13                                       text13        019A4
__ptext14                                       text14        019B2
__ptext15                                       text15        0194A
__ptext17                                       text17        019D8
__ptext18                                       text18        01898
__ptext19                                       text19        0164A
__ptext2                                        text2         01390
__ptext20                                       text20        019C8
__ptext21                                       text21        019DC
__ptext22                                       text22        019CE
__ptext23                                       text23        01904
__ptext3                                        text3         01544
__ptext4                                        text4         01002
__ptext5                                        text5         01964
__ptext6                                        text6         018D2
__ptext7                                        text7         019C0
__ptext8                                        text8         019D4
__ptext9                                        text9         017A2
__ramtop                                        ramtop        01000
__smallconst                                    smallconst    01000
_calc_dist                                      text1         016FA
_eusart1RxBuffer                                bssBANK0      00069
_eusart1RxCount                                 bssCOMRAM     0004C
_eusart1RxHead                                  bssCOMRAM     0004E
_eusart1RxLastError                             bssCOMRAM     0004B
_eusart1RxStatusBuffer                          bssCOMRAM     0003B
_eusart1RxTail                                  bssCOMRAM     0004D
_eusart1TxBuffer                                bssCOMRAM     00043
_eusart1TxBufferRemaining                       bssCOMRAM     0004F
_eusart1TxHead                                  bssCOMRAM     00051
_eusart1TxTail                                  bssCOMRAM     00050
_main                                           text0         0181E
btemp                                           (abs)         00001
btemp0                                          (abs)         00001
btemp1                                          (abs)         00002
calc_dist@distance                              cstackBANK0   00075
calc_dist@timer                                 cstackBANK0   00071
end_of_initialization                           cinit         01940
int$flags                                       (abs)         00001
intlevel0                                       text          00000
intlevel1                                       text          00000
intlevel2                                       text          00000
intlevel3                                       text          00000
isa$std                                         (abs)         00001
isa$xinst                                       (abs)         00000
stackhi                                         (abs)         00000
stacklo                                         (abs)         00000
start                                           init          000D0
start_initialization                            cinit         01928


MODULE INFORMATION

Module		Function		Class		Link	Load	Size
mcc_generated_files/interrupt_manager.c
		_INTERRUPT_Initialize		CODE           	19D4	0000	4
		_INTERRUPT_InterruptManager		CODE           	0008	0000	200

mcc_generated_files/interrupt_manager.c estimated size: 204

mcc_generated_files/pin_manager.c
		_PIN_MANAGER_Initialize		CODE           	18D2	0000	50
		_PIN_MANAGER_IOC		CODE           	19D8	0000	4

mcc_generated_files/pin_manager.c estimated size: 54

C:\Program Files\Microchip\xc8\v3.10\pic\sources\c99\common\fltol.c
		___fltol       		CODE           	1544	0000	262

C:\Program Files\Microchip\xc8\v3.10\pic\sources\c99\common\fltol.c estimated size: 262

C:\Program Files\Microchip\xc8\v3.10\pic\sources\c99\common\xxtofl.c
		___xxtofl      		CODE           	1390	0000	436

C:\Program Files\Microchip\xc8\v3.10\pic\sources\c99\common\xxtofl.c estimated size: 436

C:\Program Files\Microchip\xc8\v3.10\pic\sources\c99\common\sprcdiv.c
		___fldiv       		CODE           	1002	0000	910

C:\Program Files\Microchip\xc8\v3.10\pic\sources\c99\common\sprcdiv.c estimated size: 910

shared
		__initialization		CODE           	1928	0000	24

shared estimated size: 24

mcc_generated_files/eusart1.c
		_EUSART1_SetRxInterruptHandler		CODE           	1988	0000	14
		_EUSART1_SetTxInterruptHandler		CODE           	197A	0000	14
		_EUSART1_Initialize		CODE           	17A2	0000	124
		_EUSART1_DefaultErrorHandler		CODE           	19CE	0000	6
		_EUSART1_SetFramingErrorHandler		CODE           	19A4	0000	14
		_EUSART1_SetOverrunErrorHandler		CODE           	1996	0000	14
		_EUSART1_SetErrorHandler		CODE           	19B2	0000	14
		_EUSART1_Receive_ISR		CODE           	164A	0000	176
		_EUSART1_RxDataHandler		CODE           	1904	0000	36
		_EUSART1_DefaultOverrunErrorHandler		CODE           	19C8	0000	6
		_EUSART1_Transmit_ISR		CODE           	1898	0000	58
		_EUSART1_DefaultFramingErrorHandler		CODE           	19DC	0000	2

mcc_generated_files/eusart1.c estimated size: 478

mcc_generated_files/mcc.c
		_OSCILLATOR_Initialize		CODE           	19C0	0000	8
		_SYSTEM_Initialize		CODE           	1964	0000	22

mcc_generated_files/mcc.c estimated size: 30

mcc_generated_files/eth.c
		_ETH_Initialize		CODE           	194A	0000	26

mcc_generated_files/eth.c estimated size: 26

main.c
		_main          		CODE           	181E	0000	122
		_calc_dist     		CODE           	16FA	0000	168

main.c estimated size: 290

