Microchip MPLAB XC8 Compiler V3.10

Linker command line:

-W-3 \
  --edf=C:\Program Files\Microchip\xc8\v3.10\pic\dat\20250813170317_en.msgs \
  -cn -h+dist/default/production\DT01_Controller.production.sym \
  --cmf=dist/default/production\DT01_Controller.production.cmf -z \
  -Q18F67J60 -oC:\Users\alext\AppData\Local\Temp\xcAs1yo.0\driver_tmp_3.o \
  --defsym=__MPLAB_BUILD=1 --fixupoverflow=error \
  -Mdist/default/production/DT01_Controller.production.map \
  --md=C:\Users\alext\AppData\Local\Temp\xcAs1yo.0\driver_tmp_0.dat -E1 \
  -ver=XC8 Compiler -ACODE=00h-01FFF7h -ACONST=00h-01FFF7h \
  -ASMALLCONST=01000h-010FFhx240,011000h-0110FFhx239,01FF00h-01FFF7h \
  -AMEDIUMCONST=01000h-0FFFFh,011000h-01FFF7h -ACOMRAM=01h-05Fh \
  -AABS1=00h-0E7Fh,0F00h-0F5Fh -ABIGRAM=01h-0E7Fh,0F00h-0F5Fh \
  -ARAM=060h-0FFh,0100h-01FFhx13,0E00h-0E7Fh,0F00h-0F5Fh -ABANK0=060h-0FFh \
  -ABANK1=0100h-01FFh -ABANK2=0200h-02FFh -ABANK3=0300h-03FFh \
  -ABANK4=0400h-04FFh -ABANK5=0500h-05FFh -ABANK6=0600h-06FFh \
  -ABANK7=0700h-07FFh -ABANK8=0800h-08FFh -ABANK9=0900h-09FFh \
  -ABANK10=0A00h-0AFFh -ABANK11=0B00h-0BFFh -ABANK12=0C00h-0CFFh \
  -ABANK13=0D00h-0DFFh -ABANK14=0E00h-0E7Fh -ABANK15=0F00h-0F5Fh \
  -ASFR=0E80h-0EFFh,0F60h-0FFFh -ABIGSFR=0E80h-0EFFh,0F60h-0FFFh \
  -ACONFIG=01FFF8h-01FFFDh \
  -preset_vec=00h,intcode=8h,intcodelo=18h,sivt_lo,sivt_hi=CODE \
  -ppowerup=CODE,init -pramtop=01000h -psmallconst=SMALLCONST \
  -pmediumconst=MEDIUMCONST -pconst=CONST -AFARRAM=00h-00h \
  -pjflash_buffer=01F800h \
  -prdata=COMRAM,nvrram=COMRAM,nvbit=COMRAM,rbss=COMRAM,rbit=COMRAM \
  -pfarbss=FARRAM,fardata=FARRAM,nvFARRAM=FARRAM \
  -pintsave_regs=BIGRAM,bigbss=BIGRAM,bigdata=BIGRAM -pbss=RAM \
  -pidata=CODE,irdata=CODE,ibigdata=CODE,ifardata=CODE -prparam=COMRAM \
  C:\Users\alext\AppData\Local\Temp\xcAs1yo.0\driver_tmp_14.o \
  dist/default/production\DT01_Controller.production.o 

Object code version is 3.11

Machine type is 18F67J60



                Name                               Link     Load   Length Selector   Space Scale
C:\Users\alext\AppData\Local\Temp\xcAs1yo.0\driver_tmp_14.o
                config                            1FFF8    1FFF8        6        0       4
                init                                 F8       F8        4        4       0
                reset_vec                             0        0        4        0       0
dist/default/production\DT01_Controller.production.o
                intcode                               8        8       F0        4       0
                config                            1FFF8    1FFF8        6        0       4
                mediumconst                        FDA6     FDA6      25A     7ED3       0
                text61                            11AAC    11AAC       2A     8000       0
                text60                            11CBA    11CBA        6     8000       0
                text59                            11CD2    11CD2        2     8000       0
                text58                            11CB4    11CB4        6     8000       0
                text57                            10FDC    10FDC       C0     8000       0
                text56                            119A8    119A8       3E     8000       0
                text55                            11CCC    11CCC        4     8000       0
                text54                            11AD6    11AD6       28     8000       0
                text53                            11C1E    11C1E       10     8000       0
                text52                            11CD0    11CD0        2     8000       0
                text51                            1192A    1192A       40     8000       0
                text49                            11C82    11C82        E     8000       0
                text48                            11C74    11C74        E     8000       0
                text47                            11C66    11C66        E     8000       0
                text46                            11C58    11C58        E     8000       0
                text45                            11C4A    11C4A        E     8000       0
                text44                            1164A    1164A       7E     8000       0
                text43                            11CC8    11CC8        4     8000       0
                text42                            11786    11786       5E     8000       0
                text41                            11A7C    11A7C       30     8000       0
                text40                            11728    11728       5E     8000       0
                text39                            11C3C    11C3C        E     8000       0
                text38                            11BEC    11BEC       1A     8000       0
                text37                            1152C    1152C       96     8000       0
                text36                            11CAE    11CAE        6     8000       0
                text35                            10BE2    10BE2      10A     8000       0
                text34                            10EF2    10EF2       EA     8000       0
                text33                            119E6    119E6       34     8000       0
                text32                            11840    11840       54     8000       0
                text31                            11C9C    11C9C        A     8000       0
                text30                            1109C    1109C       BA     8000       0
                text29                            1196A    1196A       3E     8000       0
                text28                            116C8    116C8       60     8000       0
                text27                            10936    10936      19A     8000       0
                text26                            11156    11156       B2     8000       0
                text25                            10DF2    10DF2      100     8000       0
                text24                            112B0    112B0       A4     8000       0
                text23                            115C2    115C2       88     8000       0
                text22                            10AD0    10AD0      112     8000       0
                text21                            10000    10000      3F4     8000       0
                text20                            118E4    118E4       46     8000       0
                text19                            11BD2    11BD2       1A     8000       0
                text18                            117E4    117E4       5C     8000       0
                text17                            113F6    113F6       9C     8000       0
                text16                            11CC4    11CC4        4     8000       0
                text15                            11BB6    11BB6       1C     8000       0
                text14                            11B4A    11B4A       26     8000       0
                text13                            11C2E    11C2E        E     8000       0
                text12                            11B70    11B70       24     8000       0
                text11                            11C06    11C06       18     8000       0
                text10                            11B24    11B24       26     8000       0
                text9                             11CA6    11CA6        8     8000       0
                text8                             11A1A    11A1A       32     8000       0
                text7                             11AFE    11AFE       26     8000       0
                text6                             11C90    11C90        C     8000       0
                text5                             11B94    11B94       22     8000       0
                text4                             103F4    103F4      38E     8000       0
                text3                             10CEC    10CEC      106     8000       0
                text2                             10782    10782      1B4     8000       0
                text1                             11354    11354       A2     8000       0
                text0                             11208    11208       A8     8000       0
                cstackCOMRAM                          2        2       43        2       1
                cstackBANK0                          DB       DB       24       60       1
                cstackBANK1                         1FE      1FE        2      100       1
                cstackBANK2                         298      298        8      200       1
                dataBANK2                           268      268       30      200       1
                bssBANK2                            200      200       68      200       1
                dataBANK1                           19C      19C       50      100       1
                bssBANK1                            100      100       9C      100       1
                bssBANK0                             60       60       7B       60       1
                dataCOMRAM                           55       55        4        2       1
                bssCOMRAM                            45       45       10        2       1
                cinit                             11492    11492       9A     8000       0
                nvBANK1                             1EC      1EC       12      100       1
                idataBANK2                        11A4C    11A4C       30     8000       0
                idataBANK1                        11894    11894       50     8000       0
                idataCOMRAM                       11CC0    11CC0        4     8000       0

TOTAL           Name                               Link     Load   Length     Space
        CLASS   CODE           
                intcode                               8        8       F0         0
                init                                 F8       F8        4         0
                reset_vec                             0        0        4         0
                text61                            11AAC    11AAC       2A         0
                text60                            11CBA    11CBA        6         0
                text59                            11CD2    11CD2        2         0
                text58                            11CB4    11CB4        6         0
                text57                            10FDC    10FDC       C0         0
                text56                            119A8    119A8       3E         0
                text55                            11CCC    11CCC        4         0
                text54                            11AD6    11AD6       28         0
                text53                            11C1E    11C1E       10         0
                text52                            11CD0    11CD0        2         0
                text51                            1192A    1192A       40         0
                text49                            11C82    11C82        E         0
                text48                            11C74    11C74        E         0
                text47                            11C66    11C66        E         0
                text46                            11C58    11C58        E         0
                text45                            11C4A    11C4A        E         0
                text44                            1164A    1164A       7E         0
                text43                            11CC8    11CC8        4         0
                text42                            11786    11786       5E         0
                text41                            11A7C    11A7C       30         0
                text40                            11728    11728       5E         0
                text39                            11C3C    11C3C        E         0
                text38                            11BEC    11BEC       1A         0
                text37                            1152C    1152C       96         0
                text36                            11CAE    11CAE        6         0
                text35                            10BE2    10BE2      10A         0
                text34                            10EF2    10EF2       EA         0
                text33                            119E6    119E6       34         0
                text32                            11840    11840       54         0
                text31                            11C9C    11C9C        A         0
                text30                            1109C    1109C       BA         0
                text29                            1196A    1196A       3E         0
                text28                            116C8    116C8       60         0
                text27                            10936    10936      19A         0
                text26                            11156    11156       B2         0
                text25                            10DF2    10DF2      100         0
                text24                            112B0    112B0       A4         0
                text23                            115C2    115C2       88         0
                text22                            10AD0    10AD0      112         0
                text21                            10000    10000      3F4         0
                text20                            118E4    118E4       46         0
                text19                            11BD2    11BD2       1A         0
                text18                            117E4    117E4       5C         0
                text17                            113F6    113F6       9C         0
                text16                            11CC4    11CC4        4         0
                text15                            11BB6    11BB6       1C         0
                text14                            11B4A    11B4A       26         0
                text13                            11C2E    11C2E        E         0
                text12                            11B70    11B70       24         0
                text11                            11C06    11C06       18         0
                text10                            11B24    11B24       26         0
                text9                             11CA6    11CA6        8         0
                text8                             11A1A    11A1A       32         0
                text7                             11AFE    11AFE       26         0
                text6                             11C90    11C90        C         0
                text5                             11B94    11B94       22         0
                text4                             103F4    103F4      38E         0
                text3                             10CEC    10CEC      106         0
                text2                             10782    10782      1B4         0
                text1                             11354    11354       A2         0
                text0                             11208    11208       A8         0
                cinit                             11492    11492       9A         0
                idataBANK2                        11A4C    11A4C       30         0
                idataBANK1                        11894    11894       50         0
                idataCOMRAM                       11CC0    11CC0        4         0

        CLASS   CONST          

        CLASS   SMALLCONST     

        CLASS   MEDIUMCONST    
                mediumconst                        FDA6     FDA6      25A         0

        CLASS   COMRAM         
                cstackCOMRAM                          2        2       43         1
                dataCOMRAM                           55       55        4         1
                bssCOMRAM                            45       45       10         1

        CLASS   ABS1           
                abs_s1                                1        1        1         1

        CLASS   BIGRAM         

        CLASS   RAM            

        CLASS   BANK0          
                cstackBANK0                          DB       DB       24         1
                bssBANK0                             60       60       7B         1

        CLASS   BANK1          
                cstackBANK1                         1FE      1FE        2         1
                dataBANK1                           19C      19C       50         1
                bssBANK1                            100      100       9C         1
                nvBANK1                             1EC      1EC       12         1

        CLASS   BANK2          
                cstackBANK2                         298      298        8         1
                dataBANK2                           268      268       30         1
                bssBANK2                            200      200       68         1

        CLASS   BANK3          

        CLASS   BANK4          

        CLASS   BANK5          

        CLASS   BANK6          

        CLASS   BANK7          

        CLASS   BANK8          

        CLASS   BANK9          

        CLASS   BANK10         

        CLASS   BANK11         

        CLASS   BANK12         

        CLASS   BANK13         

        CLASS   BANK14         

        CLASS   BANK15         

        CLASS   SFR            

        CLASS   BIGSFR         

        CLASS   CONFIG         
                config                            1FFF8    1FFF8        6         4

        CLASS   FARRAM         

        CLASS   HEAP           

        CLASS   STACK          

        CLASS   IDLOC          



SEGMENTS        Name                           Load    Length   Top    Selector   Space  Class

                reset_vec                      000000  000004  000004         0       0  CODE    
                cstackCOMRAM                   000002  000057  000059         2       1  COMRAM  
                intcode                        000008  0000F4  0000FC         4       0  CODE    
                bssBANK0                       000060  00009F  0000FF        60       1  BANK0   
                bssBANK1                       000100  000100  000200       100       1  BANK1   
                bssBANK2                       000200  0000A0  0002A0       200       1  BANK2   
                mediumconst                    00FDA6  00025A  010000      7ED3       0  MEDIUMCO
                text21                         010000  001CD4  011CD4      8000       0  CODE    


UNUSED ADDRESS RANGES

        Name                Unused          Largest block    Delta
        BANK0            000FF-000FF               1
        BANK10           00A00-00AFF             100
        BANK11           00B00-00BFF             100
        BANK12           00C00-00CFF             100
        BANK13           00D00-00DFF             100
        BANK14           00E00-00E7F              80
        BANK15           00F00-00F5F              60
        BANK2            002A0-002FF              60
        BANK3            00300-003FF             100
        BANK4            00400-004FF             100
        BANK5            00500-005FF             100
        BANK6            00600-006FF             100
        BANK7            00700-007FF             100
        BANK8            00800-008FF             100
        BANK9            00900-009FF             100
        BIGRAM           00059-0005F               7
                         000FF-000FF               1
                         002A0-00E7F             BE0
                         00F00-00F5F              60
        BIGSFR           00E80-00EFF              80
                         00F60-00FFF              A0
        CODE             00004-00007               4
                         000FC-0FDA5            FCAA
                         11CD4-1FFF7            E324
        COMRAM           00059-0005F               7
        CONST            00004-00007               4
                         000FC-0FDA5            FCAA
                         11CD4-1FFF7            E324
        MEDIUMCONST      01000-0FDA5            EDA6
                         11CD4-1FFF7            E324
        RAM              000FF-000FF               1
                         002A0-00E7F             100
                         00F00-00F5F              60
        SFR              00E80-00EFF              80
                         00F60-00FFF              A0
        SMALLCONST       01000-0FDA5             100
                         11CD4-1FFF7             100

                                  Symbol Table

?___aldiv                                       cstackCOMRAM  00008
?___almod                                       cstackCOMRAM  00008
?___fldiv                                       cstackCOMRAM  00016
?___fltol                                       cstackCOMRAM  0002F
?___lldiv                                       cstackCOMRAM  00008
?___llmod                                       cstackCOMRAM  00008
?___xxtofl                                      cstackCOMRAM  00008
?_abs                                           cstackCOMRAM  00012
?_calc_dist                                     cstackCOMRAM  00039
?_printf                                        cstackBANK0   000DB
?_read_prec_or_width                            cstackCOMRAM  00008
?_time                                          cstackCOMRAM  00008
?_vfprintf                                      cstackCOMRAM  0003C
ARPV4_Init@x                                    cstackCOMRAM  0000A
DHCP_Handler@F5056                              dataBANK2     00268
DHCP_Manage@managementTimer                     bssBANK1      0013B
ETH_GetMAC@ethernet_driver$F1329@mac            cstackCOMRAM  00008
ETH_GetMAC@ethernet_driver$F3695@mac            cstackCOMRAM  00008
EUSART1_SetErrorHandler@interruptHandler        cstackCOMRAM  00008
EUSART1_SetFramingErrorHandler@interruptHandler cstackCOMRAM  00008
EUSART1_SetOverrunErrorHandler@interruptHandler cstackCOMRAM  00008
EUSART1_SetRxInterruptHandler@interruptHandler  cstackCOMRAM  00008
EUSART1_SetTxInterruptHandler@interruptHandler  cstackCOMRAM  00008
EUSART1_Write@txData                            cstackCOMRAM  00008
LOG_Init@t                                      cstackBANK2   00298
LOG_Init@x                                      cstackBANK2   0029C
Network_Manage@nowPv                            bssBANK1      00133
TMR1_SetInterruptHandler@InterruptHandler       cstackCOMRAM  00008
TMR1_WriteTimer@timerVal                        cstackCOMRAM  00002
_ADCON1bits                                     (abs)         00FC1
_ARPV4_Init                                     text41        11A7C
_BAUDCON1                                       (abs)         00F7E
_DHCP_Handler                                   (abs)         00000
_DHCP_init                                      text39        11C3C
_ECON1                                          (abs)         00FD2
_ECON1bits                                      (abs)         00FD2
_ECON2                                          (abs)         00EFE
_ECON2bits                                      (abs)         00EFE
_EDATA                                          (abs)         00F61
_EIE                                            (abs)         00EFB
_EIR                                            (abs)         00F60
_EIRbits                                        (abs)         00F60
_ERDPTH                                         (abs)         00F7B
_ERDPTL                                         (abs)         00F7A
_ESTAT                                          (abs)         00EFD
_ETH_CheckLinkUp@ethernet_driver$F2951          text16        11CC4
_ETH_GetMAC@ethernet_driver$F1329               text40        11728
_ETH_GetMAC@ethernet_driver$F3695               text42        11786
_ETH_Initialize                                 text38        11BEC
_EUSART1_DefaultErrorHandler                    text60        11CBA
_EUSART1_DefaultFramingErrorHandler             text59        11CD2
_EUSART1_DefaultOverrunErrorHandler             text58        11CB4
_EUSART1_ErrorHandler                           nvBANK1       001EF
_EUSART1_FramingErrorHandler                    nvBANK1       001F5
_EUSART1_Initialize                             text44        1164A
_EUSART1_OverrunErrorHandler                    nvBANK1       001F2
_EUSART1_Receive_ISR                            text57        10FDC
_EUSART1_RxDataHandler                          text61        11AAC
_EUSART1_RxDefaultInterruptHandler              nvBANK1       001F8
_EUSART1_SetErrorHandler                        text49        11C82
_EUSART1_SetFramingErrorHandler                 text48        11C74
_EUSART1_SetOverrunErrorHandler                 text47        11C66
_EUSART1_SetRxInterruptHandler                  text46        11C58
_EUSART1_SetTxInterruptHandler                  text45        11C4A
_EUSART1_Transmit_ISR                           text56        119A8
_EUSART1_TxDefaultInterruptHandler              nvBANK1       001FB
_EUSART1_Write                                  text32        11840
_EWRPTH                                         (abs)         00EE3
_EWRPTL                                         (abs)         00EE2
_GIE                                            (abs)         07F97
_INTCONbits                                     (abs)         00FF2
_INTERRUPT_Initialize                           text43        11CC8
_INTERRUPT_InterruptManager                     intcode       00008
_IPV4_Init                                      text36        11CAE
_LATA                                           (abs)         00F89
_LATB                                           (abs)         00F8A
_LATC                                           (abs)         00F8B
_LATD                                           (abs)         00F8C
_LATE                                           (abs)         00F8D
_LATF                                           (abs)         00F8E
_LATG                                           (abs)         00F8F
_LOG_Init                                       text17        113F6
_MAADR1                                         (abs)         00E84
_MAADR2                                         (abs)         00E85
_MAADR3                                         (abs)         00E82
_MAADR4                                         (abs)         00E83
_MAADR5                                         (abs)         00E80
_MAADR6                                         (abs)         00E81
_MABBIPG                                        (abs)         00EA4
_MACON1                                         (abs)         00EA0
_MACON3                                         (abs)         00EA2
_MACON4                                         (abs)         00EA3
_MICMD                                          (abs)         00EB2
_Network_Init                                   text10        11B24
_Network_WaitForLink                            text15        11BB6
_OSCCON                                         (abs)         00FD3
_OSCILLATOR_Initialize                          text9         11CA6
_OSCTUNE                                        (abs)         00F9B
_PIE1bits                                       (abs)         00F9D
_PIN_MANAGER_IOC                                text55        11CCC
_PIN_MANAGER_Initialize                         text8         11A1A
_PIR1bits                                       (abs)         00F9E
_PR2                                            (abs)         00FCB
_RA3                                            (abs)         07C03
_RB1                                            (abs)         07C09
_RB2                                            (abs)         07C0A
_RB5                                            (abs)         07C0D
_RCONbits                                       (abs)         00FD0
_RCREG1                                         (abs)         00FAE
_RCSTA1                                         (abs)         00FAB
_RCSTA1bits                                     (abs)         00FAB
_SPBRG1                                         (abs)         00FAF
_SPBRGH1                                        (abs)         00F7F
_SYSTEM_Initialize                              text5         11B94
_T1CON                                          (abs)         00FCD
_T1CONbits                                      (abs)         00FCD
_T2CKPS0                                        (abs)         07E50
_T2CKPS1                                        (abs)         07E51
_T2CON                                          (abs)         00FCA
_T2CONbits                                      (abs)         00FCA
_TCP_Init                                       text14        11B4A
_TMR1                                           (abs)         00FCE
_TMR1H                                          (abs)         00FCF
_TMR1L                                          (abs)         00FCE
_TMR1_DefaultInterruptHandler                   text52        11CD0
_TMR1_ISR                                       text51        1192A
_TMR1_Initialize                                text7         11AFE
_TMR1_InterruptHandler                          nvBANK1       001EC
_TMR1_SetInterruptHandler                       text13        11C2E
_TMR1_WriteTimer                                text54        11AD6
_TMR2                                           (abs)         00FCC
_TMR2ON                                         (abs)         07E52
_TMR2_Initialize                                text6         11C90
_TRISA                                          (abs)         00F92
_TRISB                                          (abs)         00F93
_TRISC                                          (abs)         00F94
_TRISD                                          (abs)         00F95
_TRISE                                          (abs)         00F96
_TRISF                                          (abs)         00F97
_TRISG                                          (abs)         00F98
_TXREG1                                         (abs)         00FAD
_TXSTA1                                         (abs)         00FAC
_TXSTA1bits                                     (abs)         00FAC
_UDP_CallBackTable                              mediumconst   0FE10
__HRAM                                          (abs)         00000
__H__absolute__                                 __absolute__  00000
__Habs1                                         abs1          00000
__Hbank0                                        bank0         00000
__Hbank1                                        bank1         00000
__Hbank10                                       bank10        00000
__Hbank11                                       bank11        00000
__Hbank12                                       bank12        00000
__Hbank13                                       bank13        00000
__Hbank14                                       bank14        00000
__Hbank15                                       bank15        00000
__Hbank2                                        bank2         00000
__Hbank3                                        bank3         00000
__Hbank4                                        bank4         00000
__Hbank5                                        bank5         00000
__Hbank6                                        bank6         00000
__Hbank7                                        bank7         00000
__Hbank8                                        bank8         00000
__Hbank9                                        bank9         00000
__Hbigbss                                       bigbss        00000
__Hbigdata                                      bigdata       00000
__Hbigram                                       bigram        00000
__Hbigsfr                                       bigsfr        00000
__Hbss                                          bss           00000
__HbssBANK0                                     bssBANK0      00000
__HbssBANK1                                     bssBANK1      00000
__HbssBANK2                                     bssBANK2      00000
__HbssCOMRAM                                    bssCOMRAM     00000
__Hcinit                                        cinit         00000
__Hclrtext                                      clrtext       00000
__Hcomram                                       comram        00000
__Hconfig                                       config        1FFFE
__Hconst                                        const         00000
__HcstackBANK0                                  cstackBANK0   00000
__HcstackBANK1                                  cstackBANK1   00000
__HcstackBANK2                                  cstackBANK2   00000
__HcstackCOMRAM                                 cstackCOMRAM  00000
__Hdata                                         data          00000
__HdataBANK1                                    dataBANK1     00000
__HdataBANK2                                    dataBANK2     00000
__HdataCOMRAM                                   dataCOMRAM    00000
__Hfarbss                                       farbss        00000
__Hfardata                                      fardata       00000
__Hheap                                         heap          00000
__Hibigdata                                     ibigdata      00000
__Hidata                                        idata         00000
__HidataBANK1                                   idataBANK1    00000
__HidataBANK2                                   idataBANK2    00000
__HidataCOMRAM                                  idataCOMRAM   00000
__Hidloc                                        idloc         00000
__Hifardata                                     ifardata      00000
__Hinit                                         init          000FC
__Hintcode                                      intcode       000F8
__Hintcode_body                                 intcode_body  00000
__Hintcodelo                                    intcodelo     00018
__Hintentry                                     intentry      00000
__Hintret                                       intret        00000
__Hintsave_regs                                 intsave_regs  00000
__Hirdata                                       irdata        00000
__Hjflash_buffer                                jflash_buffer 1F800
__Hmediumconst                                  mediumconst   10000
__HnvBANK1                                      nvBANK1       00000
__HnvFARRAM                                     nvFARRAM      00000
__Hnvbit                                        nvbit         00000
__Hnvrram                                       nvrram        00000
__Hparam                                        rparam        00000
__Hpowerup                                      powerup       00000
__Hram                                          ram           00000
__Hramtop                                       ramtop        01000
__Hrbit                                         rbit          00000
__Hrbss                                         rbss          00000
__Hrdata                                        rdata         00000
__Hreset_vec                                    reset_vec     00004
__Hrparam                                       rparam        00000
__Hsfr                                          sfr           00000
__Hsivt_hi                                      sivt_hi       00000
__Hsivt_lo                                      sivt_lo       00018
__Hsmallconst                                   smallconst    00000
__Hspace_0                                      (abs)         1F800
__Hspace_1                                      (abs)         002A0
__Hspace_2                                      (abs)         00000
__Hspace_4                                      (abs)         3FFF6
__Hstack                                        stack         00000
__Hstruct                                       struct        00000
__Htemp                                         temp          00000
__Htext                                         text          00000
__Htext0                                        text0         00000
__Htext1                                        text1         00000
__Htext10                                       text10        00000
__Htext11                                       text11        00000
__Htext12                                       text12        00000
__Htext13                                       text13        00000
__Htext14                                       text14        00000
__Htext15                                       text15        00000
__Htext16                                       text16        00000
__Htext17                                       text17        00000
__Htext18                                       text18        00000
__Htext19                                       text19        00000
__Htext2                                        text2         00000
__Htext20                                       text20        00000
__Htext21                                       text21        00000
__Htext22                                       text22        00000
__Htext23                                       text23        00000
__Htext24                                       text24        00000
__Htext25                                       text25        00000
__Htext26                                       text26        00000
__Htext27                                       text27        00000
__Htext28                                       text28        00000
__Htext29                                       text29        00000
__Htext3                                        text3         00000
__Htext30                                       text30        00000
__Htext31                                       text31        00000
__Htext32                                       text32        00000
__Htext33                                       text33        00000
__Htext34                                       text34        00000
__Htext35                                       text35        00000
__Htext36                                       text36        00000
__Htext37                                       text37        00000
__Htext38                                       text38        00000
__Htext39                                       text39        00000
__Htext4                                        text4         00000
__Htext40                                       text40        00000
__Htext41                                       text41        00000
__Htext42                                       text42        00000
__Htext43                                       text43        00000
__Htext44                                       text44        00000
__Htext45                                       text45        00000
__Htext46                                       text46        00000
__Htext47                                       text47        00000
__Htext48                                       text48        00000
__Htext49                                       text49        00000
__Htext5                                        text5         00000
__Htext51                                       text51        00000
__Htext52                                       text52        00000
__Htext53                                       text53        00000
__Htext54                                       text54        00000
__Htext55                                       text55        00000
__Htext56                                       text56        00000
__Htext57                                       text57        00000
__Htext58                                       text58        00000
__Htext59                                       text59        00000
__Htext6                                        text6         00000
__Htext60                                       text60        00000
__Htext61                                       text61        00000
__Htext7                                        text7         00000
__Htext8                                        text8         00000
__Htext9                                        text9         00000
__LRAM                                          (abs)         00001
__L__absolute__                                 __absolute__  00000
__Labs1                                         abs1          00000
__Lbank0                                        bank0         00000
__Lbank1                                        bank1         00000
__Lbank10                                       bank10        00000
__Lbank11                                       bank11        00000
__Lbank12                                       bank12        00000
__Lbank13                                       bank13        00000
__Lbank14                                       bank14        00000
__Lbank15                                       bank15        00000
__Lbank2                                        bank2         00000
__Lbank3                                        bank3         00000
__Lbank4                                        bank4         00000
__Lbank5                                        bank5         00000
__Lbank6                                        bank6         00000
__Lbank7                                        bank7         00000
__Lbank8                                        bank8         00000
__Lbank9                                        bank9         00000
__Lbigbss                                       bigbss        00000
__Lbigdata                                      bigdata       00000
__Lbigram                                       bigram        00000
__Lbigsfr                                       bigsfr        00000
__Lbss                                          bss           00000
__LbssBANK0                                     bssBANK0      00000
__LbssBANK1                                     bssBANK1      00000
__LbssBANK2                                     bssBANK2      00000
__LbssCOMRAM                                    bssCOMRAM     00000
__Lcinit                                        cinit         00000
__Lclrtext                                      clrtext       00000
__Lcomram                                       comram        00000
__Lconfig                                       config        00000
__Lconst                                        const         00000
__LcstackBANK0                                  cstackBANK0   00000
__LcstackBANK1                                  cstackBANK1   00000
__LcstackBANK2                                  cstackBANK2   00000
__LcstackCOMRAM                                 cstackCOMRAM  00000
__Ldata                                         data          00000
__LdataBANK1                                    dataBANK1     00000
__LdataBANK2                                    dataBANK2     00000
__LdataCOMRAM                                   dataCOMRAM    00000
__Lfarbss                                       farbss        00000
__Lfardata                                      fardata       00000
__Lheap                                         heap          00000
__Libigdata                                     ibigdata      00000
__Lidata                                        idata         00000
__LidataBANK1                                   idataBANK1    00000
__LidataBANK2                                   idataBANK2    00000
__LidataCOMRAM                                  idataCOMRAM   00000
__Lidloc                                        idloc         00000
__Lifardata                                     ifardata      00000
__Linit                                         init          000F8
__Lintcode                                      intcode       00008
__Lintcode_body                                 intcode_body  00000
__Lintcodelo                                    intcodelo     00018
__Lintentry                                     intentry      00000
__Lintret                                       intret        00000
__Lintsave_regs                                 intsave_regs  00000
__Lirdata                                       irdata        00000
__Ljflash_buffer                                jflash_buffer 1F800
__Lmediumconst                                  mediumconst   0FDA6
__LnvBANK1                                      nvBANK1       00000
__LnvFARRAM                                     nvFARRAM      00000
__Lnvbit                                        nvbit         00000
__Lnvrram                                       nvrram        00000
__Lparam                                        rparam        00000
__Lpowerup                                      powerup       00000
__Lram                                          ram           00000
__Lramtop                                       ramtop        01000
__Lrbit                                         rbit          00000
__Lrbss                                         rbss          00000
__Lrdata                                        rdata         00000
__Lreset_vec                                    reset_vec     00000
__Lrparam                                       rparam        00000
__Lsfr                                          sfr           00000
__Lsivt_hi                                      sivt_hi       00000
__Lsivt_lo                                      sivt_lo       00018
__Lsmallconst                                   smallconst    00000
__Lspace_0                                      (abs)         00000
__Lspace_1                                      (abs)         00000
__Lspace_2                                      (abs)         00000
__Lspace_4                                      (abs)         00000
__Lstack                                        stack         00000
__Lstruct                                       struct        00000
__Ltemp                                         temp          00000
__Ltext                                         text          00000
__Ltext0                                        text0         00000
__Ltext1                                        text1         00000
__Ltext10                                       text10        00000
__Ltext11                                       text11        00000
__Ltext12                                       text12        00000
__Ltext13                                       text13        00000
__Ltext14                                       text14        00000
__Ltext15                                       text15        00000
__Ltext16                                       text16        00000
__Ltext17                                       text17        00000
__Ltext18                                       text18        00000
__Ltext19                                       text19        00000
__Ltext2                                        text2         00000
__Ltext20                                       text20        00000
__Ltext21                                       text21        00000
__Ltext22                                       text22        00000
__Ltext23                                       text23        00000
__Ltext24                                       text24        00000
__Ltext25                                       text25        00000
__Ltext26                                       text26        00000
__Ltext27                                       text27        00000
__Ltext28                                       text28        00000
__Ltext29                                       text29        00000
__Ltext3                                        text3         00000
__Ltext30                                       text30        00000
__Ltext31                                       text31        00000
__Ltext32                                       text32        00000
__Ltext33                                       text33        00000
__Ltext34                                       text34        00000
__Ltext35                                       text35        00000
__Ltext36                                       text36        00000
__Ltext37                                       text37        00000
__Ltext38                                       text38        00000
__Ltext39                                       text39        00000
__Ltext4                                        text4         00000
__Ltext40                                       text40        00000
__Ltext41                                       text41        00000
__Ltext42                                       text42        00000
__Ltext43                                       text43        00000
__Ltext44                                       text44        00000
__Ltext45                                       text45        00000
__Ltext46                                       text46        00000
__Ltext47                                       text47        00000
__Ltext48                                       text48        00000
__Ltext49                                       text49        00000
__Ltext5                                        text5         00000
__Ltext51                                       text51        00000
__Ltext52                                       text52        00000
__Ltext53                                       text53        00000
__Ltext54                                       text54        00000
__Ltext55                                       text55        00000
__Ltext56                                       text56        00000
__Ltext57                                       text57        00000
__Ltext58                                       text58        00000
__Ltext59                                       text59        00000
__Ltext6                                        text6         00000
__Ltext60                                       text60        00000
__Ltext61                                       text61        00000
__Ltext7                                        text7         00000
__Ltext8                                        text8         00000
__Ltext9                                        text9         00000
__S0                                            (abs)         11CD4
__S1                                            (abs)         002A0
__S4                                            (abs)         00000
___aldiv                                        text35        10BE2
___aldiv@counter                                cstackCOMRAM  00010
___aldiv@dividend                               cstackCOMRAM  00008
___aldiv@divisor                                cstackCOMRAM  0000C
___aldiv@quotient                               cstackCOMRAM  00012
___aldiv@sign                                   cstackCOMRAM  00011
___almod                                        text34        10EF2
___almod@counter                                cstackCOMRAM  00010
___almod@dividend                               cstackCOMRAM  00008
___almod@divisor                                cstackCOMRAM  0000C
___almod@sign                                   cstackCOMRAM  00011
___extmem_base                                  (abs)         20000
___fldiv                                        text4         103F4
___fldiv@a                                      cstackCOMRAM  0001A
___fldiv@aexp                                   cstackCOMRAM  0002E
___fldiv@b                                      cstackCOMRAM  00016
___fldiv@bexp                                   cstackCOMRAM  0002D
___fldiv@grs                                    cstackCOMRAM  00029
___fldiv@new_exp                                cstackCOMRAM  00027
___fldiv@rem                                    cstackCOMRAM  00022
___fldiv@sign                                   cstackCOMRAM  00026
___fltol                                        text3         10CEC
___fltol@exp1                                   cstackCOMRAM  00038
___fltol@f1                                     cstackCOMRAM  0002F
___fltol@sign1                                  cstackCOMRAM  00037
___heap_hi                                      (abs)         00000
___heap_lo                                      (abs)         00000
___inthi_sp                                     stack         00000
___inthi_stack_hi                               stack         00000
___inthi_stack_lo                               stack         00000
___intlo_sp                                     stack         00000
___intlo_stack_hi                               stack         00000
___intlo_stack_lo                               stack         00000
___lldiv                                        text24        112B0
___lldiv@counter                                cstackCOMRAM  00014
___lldiv@dividend                               cstackCOMRAM  00008
___lldiv@divisor                                cstackCOMRAM  0000C
___lldiv@quotient                               cstackCOMRAM  00010
___llmod                                        text23        115C2
___llmod@counter                                cstackCOMRAM  00010
___llmod@dividend                               cstackCOMRAM  00008
___llmod@divisor                                cstackCOMRAM  0000C
___param_bank                                   (abs)         00000
___rparam_used                                  (abs)         00001
___secs_to_tm@days_in_month                     mediumconst   0FDE9
___sp                                           stack         00000
___stack_hi                                     stack         00000
___stack_lo                                     stack         00000
___xxtofl                                       text2         10782
___xxtofl@arg                                   cstackCOMRAM  00012
___xxtofl@exp                                   cstackCOMRAM  00011
___xxtofl@sign                                  cstackCOMRAM  00010
___xxtofl@val                                   cstackCOMRAM  00008
__accesstop                                     (abs)         00060
__activetblptr                                  (abs)         00003
__end_of_ARPV4_Init                             text41        11AAC
__end_of_DHCP_init                              text39        11C4A
__end_of_ETH_CheckLinkUp@ethernet_driver$F2951  text16        11CC8
__end_of_ETH_GetMAC@ethernet_driver$F1329       text40        11786
__end_of_ETH_GetMAC@ethernet_driver$F3695       text42        117E4
__end_of_ETH_Initialize                         text38        11C06
__end_of_EUSART1_DefaultErrorHandler            text60        11CC0
__end_of_EUSART1_DefaultFramingErrorHandler     text59        11CD4
__end_of_EUSART1_DefaultOverrunErrorHandler     text58        11CBA
__end_of_EUSART1_Initialize                     text44        116C8
__end_of_EUSART1_Receive_ISR                    text57        1109C
__end_of_EUSART1_RxDataHandler                  text61        11AD6
__end_of_EUSART1_SetErrorHandler                text49        11C90
__end_of_EUSART1_SetFramingErrorHandler         text48        11C82
__end_of_EUSART1_SetOverrunErrorHandler         text47        11C74
__end_of_EUSART1_SetRxInterruptHandler          text46        11C66
__end_of_EUSART1_SetTxInterruptHandler          text45        11C58
__end_of_EUSART1_Transmit_ISR                   text56        119E6
__end_of_EUSART1_Write                          text32        11894
__end_of_INTERRUPT_Initialize                   text43        11CCC
__end_of_INTERRUPT_InterruptManager             intcode       000F8
__end_of_IPV4_Init                              text36        11CB4
__end_of_LOG_Init                               text17        11492
__end_of_Network_Init                           text10        11B4A
__end_of_Network_WaitForLink                    text15        11BD2
__end_of_OSCILLATOR_Initialize                  text9         11CAE
__end_of_PIN_MANAGER_IOC                        text55        11CD0
__end_of_PIN_MANAGER_Initialize                 text8         11A4C
__end_of_SYSTEM_Initialize                      text5         11BB6
__end_of_TCP_Init                               text14        11B70
__end_of_TMR1_DefaultInterruptHandler           text52        11CD2
__end_of_TMR1_ISR                               text51        1196A
__end_of_TMR1_Initialize                        text7         11B24
__end_of_TMR1_SetInterruptHandler               text13        11C3C
__end_of_TMR1_WriteTimer                        text54        11AFE
__end_of_TMR2_Initialize                        text6         11C9C
__end_of_UDP_CallBackTable                      mediumconst   0FE15
__end_of___aldiv                                text35        10CEC
__end_of___almod                                text34        10FDC
__end_of___fldiv                                text4         10782
__end_of___fltol                                text3         10DF2
__end_of___lldiv                                text24        11354
__end_of___llmod                                text23        1164A
__end_of___secs_to_tm@days_in_month             mediumconst   0FDF5
__end_of___xxtofl                               text2         10936
__end_of__initialization                        cinit         11522
__end_of_abs                                    text33        11A1A
__end_of_broadcastMAC                           mediumconst   0FE10
__end_of_calc_dist                              text1         113F6
__end_of_dhcpName                               mediumconst   0FE0A
__end_of_dtoa                                   text27        10AD0
__end_of_fputc                                  text30        11156
__end_of_fputs                                  text29        119A8
__end_of_ipdb_init                              text37        115C2
__end_of_main                                   text0         112B0
__end_of_pad                                    text28        11728
__end_of_printf                                 text19        11BEC
__end_of_putch                                  text31        11CA6
__end_of_read_prec_or_width                     text26        11208
__end_of_rtcc_handler                           text53        11C2E
__end_of_rtcc_init                              text12        11B94
__end_of_severityThresholdTable                 mediumconst   0FDD7
__end_of_stoa                                   text25        10EF2
__end_of_time                                   text18        11840
__end_of_timersInit                             text11        11C1E
__end_of_utoa                                   text22        10BE2
__end_of_vfpfcnvrt                              text21        103F4
__end_of_vfprintf                               text20        1192A
__end_of_xorSequences                           mediumconst   0FDE9
__initialization                                cinit         11492
__mediumconst                                   mediumconst   0FDA6
__pbssBANK0                                     bssBANK0      00060
__pbssBANK1                                     bssBANK1      00100
__pbssBANK2                                     bssBANK2      00200
__pbssCOMRAM                                    bssCOMRAM     00045
__pcinit                                        cinit         11492
__pcstackBANK0                                  cstackBANK0   000DB
__pcstackBANK1                                  cstackBANK1   001FE
__pcstackBANK2                                  cstackBANK2   00298
__pcstackCOMRAM                                 cstackCOMRAM  00002
__pdataBANK1                                    dataBANK1     0019C
__pdataBANK2                                    dataBANK2     00268
__pdataCOMRAM                                   dataCOMRAM    00055
__pidataBANK1                                   idataBANK1    11894
__pidataBANK2                                   idataBANK2    11A4C
__pidataCOMRAM                                  idataCOMRAM   11CC0
__pintcode                                      intcode       00008
__pmediumconst                                  mediumconst   0FDA6
__pnvBANK1                                      nvBANK1       001EC
__ptext0                                        text0         11208
__ptext1                                        text1         11354
__ptext10                                       text10        11B24
__ptext11                                       text11        11C06
__ptext12                                       text12        11B70
__ptext13                                       text13        11C2E
__ptext14                                       text14        11B4A
__ptext15                                       text15        11BB6
__ptext16                                       text16        11CC4
__ptext17                                       text17        113F6
__ptext18                                       text18        117E4
__ptext19                                       text19        11BD2
__ptext2                                        text2         10782
__ptext20                                       text20        118E4
__ptext21                                       text21        10000
__ptext22                                       text22        10AD0
__ptext23                                       text23        115C2
__ptext24                                       text24        112B0
__ptext25                                       text25        10DF2
__ptext26                                       text26        11156
__ptext27                                       text27        10936
__ptext28                                       text28        116C8
__ptext29                                       text29        1196A
__ptext3                                        text3         10CEC
__ptext30                                       text30        1109C
__ptext31                                       text31        11C9C
__ptext32                                       text32        11840
__ptext33                                       text33        119E6
__ptext34                                       text34        10EF2
__ptext35                                       text35        10BE2
__ptext36                                       text36        11CAE
__ptext37                                       text37        1152C
__ptext38                                       text38        11BEC
__ptext39                                       text39        11C3C
__ptext4                                        text4         103F4
__ptext40                                       text40        11728
__ptext41                                       text41        11A7C
__ptext42                                       text42        11786
__ptext43                                       text43        11CC8
__ptext44                                       text44        1164A
__ptext45                                       text45        11C4A
__ptext46                                       text46        11C58
__ptext47                                       text47        11C66
__ptext48                                       text48        11C74
__ptext49                                       text49        11C82
__ptext5                                        text5         11B94
__ptext51                                       text51        1192A
__ptext52                                       text52        11CD0
__ptext53                                       text53        11C1E
__ptext54                                       text54        11AD6
__ptext55                                       text55        11CCC
__ptext56                                       text56        119A8
__ptext57                                       text57        10FDC
__ptext58                                       text58        11CB4
__ptext59                                       text59        11CD2
__ptext6                                        text6         11C90
__ptext60                                       text60        11CBA
__ptext61                                       text61        11AAC
__ptext7                                        text7         11AFE
__ptext8                                        text8         11A1A
__ptext9                                        text9         11CA6
__ramtop                                        ramtop        01000
__smallconst                                    mediumconst   0FDA6
_abs                                            text33        119E6
_arpMap                                         bssBANK2      00200
_arpTimer                                       bssBANK0      000D7
_broadcastMAC                                   mediumconst   0FE0A
_bytesToSendForRetransmit                       bssBANK0      0009A
_calc_dist                                      text1         11354
_currentTCB                                     bssCOMRAM     00049
_dbuf                                           bssBANK1      00149
_destPort                                       bssBANK1      00147
_deviceTime                                     bssBANK1      0012F
_dhcpData                                       dataBANK1     0019C
_dhcpName                                       mediumconst   0FDF5
_dhcpState                                      bssCOMRAM     0004D
_dirtyTime                                      bssBANK0      000A6
_dtoa                                           text27        10936
_dtoa$5944                                      cstackCOMRAM  00025
_errno                                          bssBANK1      00145
_ethMAC                                         bssBANK1      00190
_eusart1RxBuffer                                bssBANK1      0011F
_eusart1RxCount                                 bssBANK0      000A4
_eusart1RxHead                                  bssCOMRAM     00050
_eusart1RxLastError                             bssBANK0      000A3
_eusart1RxStatusBuffer                          bssBANK1      00117
_eusart1RxTail                                  bssCOMRAM     0004F
_eusart1TxBuffer                                bssBANK1      00127
_eusart1TxBufferRemaining                       bssCOMRAM     00051
_eusart1TxHead                                  bssCOMRAM     00053
_eusart1TxTail                                  bssCOMRAM     00052
_flags                                          bssBANK0      000A2
_fputc                                          text30        1109C
_fputs                                          text29        1196A
_hostMacAddress                                 bssBANK1      00196
_ip_database_info                               bssBANK0      00060
_ipdb_init                                      text37        1152C
_ipv4Header                                     bssBANK0      000BB
_lastAckNumber                                  bssBANK1      00137
_lfsr_value                                     dataCOMRAM    00057
_limit                                          bssBANK1      00100
_localSeqnoForRetransmit                        bssBANK0      00084
_main                                           text0         11208
_networkStartPosition                           bssBANK0      00096
_network_errors                                 dataBANK1     001CC
_nextAvailablePort                              bssBANK0      0009E
_nextSequenceNumber                             bssBANK0      0008C
_pad                                            text28        116C8
_portUnreachable                                bssBANK0      000A0
_prec                                           bssCOMRAM     00045
_printf                                         text19        11BD2
_putch                                          text31        11C9C
_rcvPayloadLen                                  bssBANK0      0009C
_read_prec_or_width                             text26        11156
_receivedRemoteAddress                          bssBANK0      00088
_remoteIpv4Address                              bssBANK1      0013F
_rtcc_handler                                   text53        11C1E
_rtcc_init                                      text12        11B70
_seconds_counter                                bssBANK0      00094
_severityThresholdTable                         mediumconst   0FDA7
_stoa                                           text25        10DF2
_tcbList                                        bssCOMRAM     0004B
_tcbListSize                                    bssCOMRAM     00054
_tcpDataLength                                  bssCOMRAM     00047
_tcpHeader                                      bssBANK0      000A7
_tcpMss                                         dataCOMRAM    00055
_time                                           text18        117E4
_timer1ReloadVal                                bssBANK0      00092
_timersInit                                     text11        11C06
_txBufferPtrForRetransmit                       bssBANK0      00098
_udpHeader                                      bssBANK0      000CF
_utoa                                           text22        10AD0
_vfpfcnvrt                                      text21        10000
_vfprintf                                       text20        118E4
_width                                          bssBANK0      00090
_xorSequences                                   mediumconst   0FDD7
_xor_mask                                       dataCOMRAM    00058
abs@a                                           cstackCOMRAM  00012
btemp                                           (abs)         00001
btemp0                                          (abs)         00001
btemp1                                          (abs)         00002
calc_dist@distance                              cstackCOMRAM  0003F
calc_dist@timer                                 cstackCOMRAM  0003B
dtoa@d                                          cstackCOMRAM  00021
dtoa@fp                                         cstackCOMRAM  00020
dtoa@i                                          cstackCOMRAM  0002C
dtoa@p                                          cstackCOMRAM  00029
dtoa@s                                          cstackCOMRAM  0002B
dtoa@w                                          cstackCOMRAM  00027
end_of_initialization                           cinit         11522
fputc@c                                         cstackCOMRAM  0000A
fputc@fp                                        cstackCOMRAM  0000C
fputs@c                                         cstackCOMRAM  00015
fputs@fp                                        cstackCOMRAM  00014
fputs@i                                         cstackCOMRAM  00016
fputs@s                                         cstackCOMRAM  00012
gmtime@tm                                       bssBANK1      00169
int$flags                                       (abs)         00001
intlevel0                                       text          00000
intlevel1                                       text          00000
intlevel2                                       text          00000
intlevel3                                       text          00000
ipdb_init@x                                     cstackCOMRAM  00008
ipdb_init@x_1034                                cstackCOMRAM  00009
isa$std                                         (abs)         00001
isa$xinst                                       (abs)         00000
main@dist                                       cstackBANK2   0029D
main@error                                      cstackBANK2   0029F
makeIpv4AddresstoStr@ip_str                     bssBANK1      00181
pad@buf                                         cstackCOMRAM  00019
pad@fp                                          cstackCOMRAM  00018
pad@i                                           cstackCOMRAM  0001E
pad@p                                           cstackCOMRAM  0001B
printf@ap                                       cstackCOMRAM  00042
printf@fmt                                      cstackBANK0   000DB
putch@txData                                    cstackCOMRAM  00009
read_prec_or_width@ap                           cstackCOMRAM  00009
read_prec_or_width@c                            cstackCOMRAM  0000C
read_prec_or_width@fmt                          cstackCOMRAM  00008
read_prec_or_width@n                            cstackCOMRAM  0000D
stackhi                                         (abs)         00000
stacklo                                         (abs)         00000
start                                           init          000F8
start_initialization                            cinit         11492
stoa@cp                                         cstackCOMRAM  00019
stoa@fp                                         cstackCOMRAM  00012
stoa@l                                          cstackCOMRAM  0001B
stoa@p                                          cstackCOMRAM  00017
stoa@s                                          cstackCOMRAM  00013
strtok@p                                        bssBANK1      00143
time@gie_val                                    cstackCOMRAM  0000C
time@t                                          cstackCOMRAM  00008
time@the_time                                   cstackCOMRAM  0000D
utoa@d                                          cstackCOMRAM  00021
utoa@fp                                         cstackCOMRAM  00020
utoa@i                                          cstackCOMRAM  00029
utoa@p                                          cstackCOMRAM  00027
utoa@w                                          cstackCOMRAM  00025
vfpfcnvrt@ap                                    cstackCOMRAM  00030
vfpfcnvrt@c                                     cstackCOMRAM  00039
vfpfcnvrt@convarg                               cstackCOMRAM  00035
vfpfcnvrt@cp                                    cstackCOMRAM  0003A
vfpfcnvrt@done                                  cstackCOMRAM  00034
vfpfcnvrt@fmt                                   cstackCOMRAM  0002F
vfpfcnvrt@fp                                    cstackCOMRAM  0002E
vfprintf@ap                                     cstackCOMRAM  0003F
vfprintf@cfmt                                   cstackCOMRAM  00040
vfprintf@fmt                                    cstackCOMRAM  0003D
vfprintf@fp                                     cstackCOMRAM  0003C


MODULE INFORMATION

Module		Function		Class		Link	Load	Size
mcc_generated_files/TCPIPLibrary/tcpv4.c
		_TCP_Init      		CODE           	11B4A	0000	38

mcc_generated_files/TCPIPLibrary/tcpv4.c estimated size: 38

C:\Program Files\Microchip\xc8\v3.10\pic\sources\c99\common\llmod.c
		___llmod       		CODE           	115C2	0000	136

C:\Program Files\Microchip\xc8\v3.10\pic\sources\c99\common\llmod.c estimated size: 136

C:\Program Files\Microchip\xc8\v3.10\pic\sources\c99\common\almod.c
		___almod       		CODE           	10EF2	0000	234

C:\Program Files\Microchip\xc8\v3.10\pic\sources\c99\common\almod.c estimated size: 234

mcc_generated_files/tmr2.c
		_TMR2_Initialize		CODE           	11C90	0000	12

mcc_generated_files/tmr2.c estimated size: 12

mcc_generated_files/interrupt_manager.c
		_INTERRUPT_Initialize		CODE           	11CC8	0000	4
		_INTERRUPT_InterruptManager		CODE           	0008	0000	240

mcc_generated_files/interrupt_manager.c estimated size: 244

C:\Program Files\Microchip\xc8\v3.10\pic\sources\c99\common\abs.c
		_abs           		CODE           	119E6	0000	52

C:\Program Files\Microchip\xc8\v3.10\pic\sources\c99\common\abs.c estimated size: 52

C:\Program Files\Microchip\xc8\v3.10\pic\sources\c99\common\nf_fputs.c
		_fputs         		CODE           	1196A	0000	62

C:\Program Files\Microchip\xc8\v3.10\pic\sources\c99\common\nf_fputs.c estimated size: 62

mcc_generated_files/pin_manager.c
		_PIN_MANAGER_Initialize		CODE           	11A1A	0000	50
		_PIN_MANAGER_IOC		CODE           	11CCC	0000	4

mcc_generated_files/pin_manager.c estimated size: 54

mcc_generated_files/TCPIPLibrary/ip_database.c
		_ipdb_init     		CODE           	1152C	0000	150

mcc_generated_files/TCPIPLibrary/ip_database.c estimated size: 150

mcc_generated_files/TCPIPLibrary/log.c
		_LOG_Init      		CODE           	113F6	0000	156

mcc_generated_files/TCPIPLibrary/log.c estimated size: 156

C:\Program Files\Microchip\xc8\v3.10\pic\sources\c99\common\printf.c
		_printf        		CODE           	11BD2	0000	26

C:\Program Files\Microchip\xc8\v3.10\pic\sources\c99\common\printf.c estimated size: 26

mcc_generated_files/TCPIPLibrary/network.c
		_Network_Init  		CODE           	11B24	0000	38
		_Network_WaitForLink		CODE           	11BB6	0000	28
		_timersInit    		CODE           	11C06	0000	24

mcc_generated_files/TCPIPLibrary/network.c estimated size: 90

mcc_generated_files/TCPIPLibrary/ethernet_driver.h
		_ETH_CheckLinkUp@ethernet_driver$F2951		CODE           	11CC4	0000	4
		_ETH_GetMAC@ethernet_driver$F1329		CODE           	11728	0000	94
		_ETH_GetMAC@ethernet_driver$F3695		CODE           	11786	0000	94

mcc_generated_files/TCPIPLibrary/ethernet_driver.h estimated size: 192

C:\Program Files\Microchip\xc8\v3.10\pic\sources\c99\common\fltol.c
		___fltol       		CODE           	10CEC	0000	262

C:\Program Files\Microchip\xc8\v3.10\pic\sources\c99\common\fltol.c estimated size: 262

mcc_generated_files/TCPIPLibrary/arpv4.c
		_ARPV4_Init    		CODE           	11A7C	0000	48

mcc_generated_files/TCPIPLibrary/arpv4.c estimated size: 48

mcc_generated_files/TCPIPLibrary/ipv4.c
		_IPV4_Init     		CODE           	11CAE	0000	6

mcc_generated_files/TCPIPLibrary/ipv4.c estimated size: 6

C:\Program Files\Microchip\xc8\v3.10\pic\sources\c99\common\aldiv.c
		___aldiv       		CODE           	10BE2	0000	266

C:\Program Files\Microchip\xc8\v3.10\pic\sources\c99\common\aldiv.c estimated size: 266

mcc_generated_files/TCPIPLibrary/rtcc.c
		_rtcc_handler  		CODE           	11C1E	0000	16
		_rtcc_init     		CODE           	11B70	0000	36
		_time          		CODE           	117E4	0000	92

mcc_generated_files/TCPIPLibrary/rtcc.c estimated size: 144

C:\Program Files\Microchip\xc8\v3.10\pic\sources\c99\common\xxtofl.c
		___xxtofl      		CODE           	10782	0000	436

C:\Program Files\Microchip\xc8\v3.10\pic\sources\c99\common\xxtofl.c estimated size: 436

C:\Program Files\Microchip\xc8\v3.10\pic\sources\c99\common\sprcdiv.c
		___fldiv       		CODE           	103F4	0000	910

C:\Program Files\Microchip\xc8\v3.10\pic\sources\c99\common\sprcdiv.c estimated size: 910

shared
		_dhcpName      		MEDIUMCONST    	FDF5	0000	21
		___secs_to_tm@days_in_month		MEDIUMCONST    	FDE9	0000	12
		_UDP_CallBackTable		MEDIUMCONST    	FE10	0000	5
		__initialization		CODE           	11492	0000	144
		_xorSequences  		MEDIUMCONST    	FDD7	0000	18
		_broadcastMAC  		MEDIUMCONST    	FE0A	0000	6
		_severityThresholdTable		MEDIUMCONST    	FDA7	0000	48

shared estimated size: 254

mcc_generated_files/eusart1.c
		_EUSART1_SetRxInterruptHandler		CODE           	11C58	0000	14
		_EUSART1_SetTxInterruptHandler		CODE           	11C4A	0000	14
		_EUSART1_Initialize		CODE           	1164A	0000	126
		_putch         		CODE           	11C9C	0000	10
		_EUSART1_DefaultErrorHandler		CODE           	11CBA	0000	6
		_EUSART1_SetFramingErrorHandler		CODE           	11C74	0000	14
		_EUSART1_SetOverrunErrorHandler		CODE           	11C66	0000	14
		_EUSART1_SetErrorHandler		CODE           	11C82	0000	14
		_EUSART1_Write 		CODE           	11840	0000	84
		_EUSART1_Receive_ISR		CODE           	10FDC	0000	192
		_EUSART1_RxDataHandler		CODE           	11AAC	0000	42
		_EUSART1_DefaultOverrunErrorHandler		CODE           	11CB4	0000	6
		_EUSART1_Transmit_ISR		CODE           	119A8	0000	62
		_EUSART1_DefaultFramingErrorHandler		CODE           	11CD2	0000	2

mcc_generated_files/eusart1.c estimated size: 600

mcc_generated_files/mcc.c
		_OSCILLATOR_Initialize		CODE           	11CA6	0000	8
		_SYSTEM_Initialize		CODE           	11B94	0000	34

mcc_generated_files/mcc.c estimated size: 42

mcc_generated_files/TCPIPLibrary/dhcp_client.c
		_DHCP_init     		CODE           	11C3C	0000	14

mcc_generated_files/TCPIPLibrary/dhcp_client.c estimated size: 14

C:\Program Files\Microchip\xc8\v3.10\pic\sources\c99\common\nf_fputc.c
		_fputc         		CODE           	1109C	0000	186

C:\Program Files\Microchip\xc8\v3.10\pic\sources\c99\common\nf_fputc.c estimated size: 186

mcc_generated_files/tmr1.c
		_TMR1_Initialize		CODE           	11AFE	0000	38
		_TMR1_SetInterruptHandler		CODE           	11C2E	0000	14
		_TMR1_DefaultInterruptHandler		CODE           	11CD0	0000	2
		_TMR1_WriteTimer		CODE           	11AD6	0000	40
		_TMR1_ISR      		CODE           	1192A	0000	64

mcc_generated_files/tmr1.c estimated size: 158

C:\Program Files\Microchip\xc8\v3.10\pic\sources\c99\common\__lldiv.c
		___lldiv       		CODE           	112B0	0000	164

C:\Program Files\Microchip\xc8\v3.10\pic\sources\c99\common\__lldiv.c estimated size: 164

mcc_generated_files/eth.c
		_ETH_Initialize		CODE           	11BEC	0000	26

mcc_generated_files/eth.c estimated size: 26

C:\Program Files\Microchip\xc8\v3.10\pic\sources\c99\common\doprnt.c
		_read_prec_or_width		CODE           	11156	0000	178
		_vfpfcnvrt     		CODE           	10000	0000	1012
		_pad           		CODE           	116C8	0000	96
		_dtoa          		CODE           	10936	0000	410
		_vfprintf      		CODE           	118E4	0000	70
		_stoa          		CODE           	10DF2	0000	256
		_utoa          		CODE           	10AD0	0000	274

C:\Program Files\Microchip\xc8\v3.10\pic\sources\c99\common\doprnt.c estimated size: 2296

main.c
		_main          		CODE           	11208	0000	168
		_calc_dist     		CODE           	11354	0000	162

main.c estimated size: 330

